// Jest Snapshot v1, https://goo.gl/fbAQLP

exports[`AllGames Test renders correctly 1`] = `
<div
  className="allGames-app"
>
  <nav
    className="allGames-nav"
  >
    <button
      className="btn btn-active"
      onClick={[Function]}
      type="button"
    >
      All Games
    </button>
    <button
      className="btn "
      onClick={[Function]}
      type="button"
    >
      TodayGames
    </button>
  </nav>
  <ul
    className="games-container"
  >
    <h1
      className="text-danger"
    >
      Check your internet Again
    </h1>
  </ul>
</div>
`;

exports[`Competition Test renders correctly 1`] = `
Array [
  <section
    className="Competitions-container"
  >
    <div
      className="competition-container"
    >
      <div
        className="league-name"
      >
        <h1>
          Nations league (lastest games)
        </h1>
        <svg
          fill="currentColor"
          height="1em"
          onClick={[Function]}
          stroke="currentColor"
          strokeWidth="0"
          style={
            Object {
              "color": undefined,
            }
          }
          viewBox="0 0 512 512"
          width="1em"
          xmlns="http://www.w3.org/2000/svg"
        >
          <path
            d="M147.6 210.7c-7.5 7.5-7.5 19.8 0 27.3l95.7 95.4c7.3 7.3 19.1 7.5 26.6.6l94.3-94c3.8-3.8 5.7-8.7 5.7-13.7 0-4.9-1.9-9.9-5.6-13.6-7.5-7.5-19.7-7.6-27.3 0l-81 79.8-81.1-81.9c-7.5-7.5-19.7-7.5-27.3.1z"
          />
          <path
            d="M48 256c0 114.9 93.1 208 208 208s208-93.1 208-208S370.9 48 256 48 48 141.1 48 256zm332.4-124.4C413.7 164.8 432 209 432 256s-18.3 91.2-51.6 124.4C347.2 413.7 303 432 256 432s-91.2-18.3-124.4-51.6C98.3 347.2 80 303 80 256s18.3-91.2 51.6-124.4C164.8 98.3 209 80 256 80s91.2 18.3 124.4 51.6z"
          />
        </svg>
      </div>
      <ul
        className="competition-list display-none"
      >
        <li
          className="league-empty"
        >
          There is no
           
          Premier League
           
          games yet!
        </li>
      </ul>
    </div>
    <div
      className="competition-container"
    >
      <div
        className="league-name"
      >
        <h1
          className="league-name"
        >
          La liga (lastest games)
        </h1>
        <svg
          fill="currentColor"
          height="1em"
          onClick={[Function]}
          stroke="currentColor"
          strokeWidth="0"
          style={
            Object {
              "color": undefined,
            }
          }
          viewBox="0 0 512 512"
          width="1em"
          xmlns="http://www.w3.org/2000/svg"
        >
          <path
            d="M147.6 210.7c-7.5 7.5-7.5 19.8 0 27.3l95.7 95.4c7.3 7.3 19.1 7.5 26.6.6l94.3-94c3.8-3.8 5.7-8.7 5.7-13.7 0-4.9-1.9-9.9-5.6-13.6-7.5-7.5-19.7-7.6-27.3 0l-81 79.8-81.1-81.9c-7.5-7.5-19.7-7.5-27.3.1z"
          />
          <path
            d="M48 256c0 114.9 93.1 208 208 208s208-93.1 208-208S370.9 48 256 48 48 141.1 48 256zm332.4-124.4C413.7 164.8 432 209 432 256s-18.3 91.2-51.6 124.4C347.2 413.7 303 432 256 432s-91.2-18.3-124.4-51.6C98.3 347.2 80 303 80 256s18.3-91.2 51.6-124.4C164.8 98.3 209 80 256 80s91.2 18.3 124.4 51.6z"
          />
        </svg>
      </div>
      <ul
        className="competition-list display-none"
      >
        <li
          className="league-empty"
        >
          There is no
           
          La liga
           
          games yet!
        </li>
      </ul>
    </div>
    <div
      className="competition-container"
    >
      <div
        className="league-name"
      >
        <h1
          className="league-name"
        >
          Serie A (lastest games)
        </h1>
        <svg
          fill="currentColor"
          height="1em"
          onClick={[Function]}
          stroke="currentColor"
          strokeWidth="0"
          style={
            Object {
              "color": undefined,
            }
          }
          viewBox="0 0 512 512"
          width="1em"
          xmlns="http://www.w3.org/2000/svg"
        >
          <path
            d="M147.6 210.7c-7.5 7.5-7.5 19.8 0 27.3l95.7 95.4c7.3 7.3 19.1 7.5 26.6.6l94.3-94c3.8-3.8 5.7-8.7 5.7-13.7 0-4.9-1.9-9.9-5.6-13.6-7.5-7.5-19.7-7.6-27.3 0l-81 79.8-81.1-81.9c-7.5-7.5-19.7-7.5-27.3.1z"
          />
          <path
            d="M48 256c0 114.9 93.1 208 208 208s208-93.1 208-208S370.9 48 256 48 48 141.1 48 256zm332.4-124.4C413.7 164.8 432 209 432 256s-18.3 91.2-51.6 124.4C347.2 413.7 303 432 256 432s-91.2-18.3-124.4-51.6C98.3 347.2 80 303 80 256s18.3-91.2 51.6-124.4C164.8 98.3 209 80 256 80s91.2 18.3 124.4 51.6z"
          />
        </svg>
      </div>
      <ul
        className="competition-list display-none"
      >
        <li
          className="league-empty"
        >
          There is no
           
          Serie A
           
          games yet!
        </li>
      </ul>
    </div>
    <div
      className="competition-container"
    >
      <div
        className="league-name"
      >
        <h1>
          Premier League (lastest games)
        </h1>
        <svg
          fill="currentColor"
          height="1em"
          onClick={[Function]}
          stroke="currentColor"
          strokeWidth="0"
          style={
            Object {
              "color": undefined,
            }
          }
          viewBox="0 0 512 512"
          width="1em"
          xmlns="http://www.w3.org/2000/svg"
        >
          <path
            d="M147.6 210.7c-7.5 7.5-7.5 19.8 0 27.3l95.7 95.4c7.3 7.3 19.1 7.5 26.6.6l94.3-94c3.8-3.8 5.7-8.7 5.7-13.7 0-4.9-1.9-9.9-5.6-13.6-7.5-7.5-19.7-7.6-27.3 0l-81 79.8-81.1-81.9c-7.5-7.5-19.7-7.5-27.3.1z"
          />
          <path
            d="M48 256c0 114.9 93.1 208 208 208s208-93.1 208-208S370.9 48 256 48 48 141.1 48 256zm332.4-124.4C413.7 164.8 432 209 432 256s-18.3 91.2-51.6 124.4C347.2 413.7 303 432 256 432s-91.2-18.3-124.4-51.6C98.3 347.2 80 303 80 256s18.3-91.2 51.6-124.4C164.8 98.3 209 80 256 80s91.2 18.3 124.4 51.6z"
          />
        </svg>
      </div>
      <ul
        className="competition-list display-none"
      >
        <li
          className="league-empty"
        >
          There is no
           
          Nations League
           
          games yet!
        </li>
      </ul>
    </div>
    <div
      className="competition-container"
    >
      <div
        className="league-name"
      >
        <h1>
          Club Friendlies (lastest games)
        </h1>
        <svg
          fill="currentColor"
          height="1em"
          onClick={[Function]}
          stroke="currentColor"
          strokeWidth="0"
          style={
            Object {
              "color": undefined,
            }
          }
          viewBox="0 0 512 512"
          width="1em"
          xmlns="http://www.w3.org/2000/svg"
        >
          <path
            d="M147.6 210.7c-7.5 7.5-7.5 19.8 0 27.3l95.7 95.4c7.3 7.3 19.1 7.5 26.6.6l94.3-94c3.8-3.8 5.7-8.7 5.7-13.7 0-4.9-1.9-9.9-5.6-13.6-7.5-7.5-19.7-7.6-27.3 0l-81 79.8-81.1-81.9c-7.5-7.5-19.7-7.5-27.3.1z"
          />
          <path
            d="M48 256c0 114.9 93.1 208 208 208s208-93.1 208-208S370.9 48 256 48 48 141.1 48 256zm332.4-124.4C413.7 164.8 432 209 432 256s-18.3 91.2-51.6 124.4C347.2 413.7 303 432 256 432s-91.2-18.3-124.4-51.6C98.3 347.2 80 303 80 256s18.3-91.2 51.6-124.4C164.8 98.3 209 80 256 80s91.2 18.3 124.4 51.6z"
          />
        </svg>
      </div>
      <ul
        className="competition-list display-none"
      >
        <li
          className="league-empty"
        >
          There is no
           
          Friendlies 
           
          games yet!
        </li>
      </ul>
    </div>
    <div
      className="competition-container"
    >
      <div
        className="league-name"
      >
        <h1>
          AFC CUP (lastest games)
        </h1>
        <svg
          fill="currentColor"
          height="1em"
          onClick={[Function]}
          stroke="currentColor"
          strokeWidth="0"
          style={
            Object {
              "color": undefined,
            }
          }
          viewBox="0 0 512 512"
          width="1em"
          xmlns="http://www.w3.org/2000/svg"
        >
          <path
            d="M147.6 210.7c-7.5 7.5-7.5 19.8 0 27.3l95.7 95.4c7.3 7.3 19.1 7.5 26.6.6l94.3-94c3.8-3.8 5.7-8.7 5.7-13.7 0-4.9-1.9-9.9-5.6-13.6-7.5-7.5-19.7-7.6-27.3 0l-81 79.8-81.1-81.9c-7.5-7.5-19.7-7.5-27.3.1z"
          />
          <path
            d="M48 256c0 114.9 93.1 208 208 208s208-93.1 208-208S370.9 48 256 48 48 141.1 48 256zm332.4-124.4C413.7 164.8 432 209 432 256s-18.3 91.2-51.6 124.4C347.2 413.7 303 432 256 432s-91.2-18.3-124.4-51.6C98.3 347.2 80 303 80 256s18.3-91.2 51.6-124.4C164.8 98.3 209 80 256 80s91.2 18.3 124.4 51.6z"
          />
        </svg>
      </div>
      <ul
        className="competition-list display-none"
      >
        <li
          className="league-empty"
        >
          There is no
           
          AFC CUP 
           
          games yet!
        </li>
      </ul>
    </div>
  </section>,
  <h1
    className="text-danger"
  >
    Check your internet Again
  </h1>,
]
`;
